eeschema (2011-nov-30)-testing  >> Creation date: Thu 17 May 2012 09:51:27 AM EDT

#Cmp ( order = Reference )
| C1         220uF       
| D1         1N5817      
| D2         LED         
| D3         CDBM120-G   
| D4         LED         
| D5         CDBM120-G   
| D6         LED         
| D7         CDBM120-G   
| D8         LED         
| D9         CDBM120-G   
| D10        LED         
| D11        CDBM120-G   
| P1         Power/Sensors
| P2         Buttons     
| P3         PNEUMATICS OUT
| Q1         IRL530NPBF  
| Q2         RFD16N05L   
| Q3         RFD16N05L   
| Q4         RFD16N05L   
| Q5         RFD16N05L   
| R1         44.9K       
| R2         499         
| R3         44.9K       
| R4         499         
| R5         44.9K       
| R6         499         
| R7         44.9K       
| R8         499         
| R9         44.9K       
| R10        499         
| R11        10k         
| R12        10k         
| SW1        Left        
| SW2        Right       
| SW3        Up          
| SW4        Down        
| T1         TEENSY2     
| U1         7805        
#End Cmp

#Cmp ( order = Value )
| 220uF        C1        
| 1N5817       D1        
| CDBM120-G    D3        
| CDBM120-G    D5        
| CDBM120-G    D7        
| CDBM120-G    D9        
| CDBM120-G    D11       
| LED          D2        
| LED          D4        
| LED          D6        
| LED          D8        
| LED          D10       
| Buttons      P2        
| PNEUMATICS OUT P3        
| Power/Sensors P1        
| IRL530NPBF   Q1        
| RFD16N05L    Q2        
| RFD16N05L    Q3        
| RFD16N05L    Q4        
| RFD16N05L    Q5        
| 499          R2        
| 499          R4        
| 499          R6        
| 499          R10       
| 499          R8        
| 10k          R12       
| 10k          R11       
| 44.9K        R1        
| 44.9K        R9        
| 44.9K        R7        
| 44.9K        R5        
| 44.9K        R3        
| Left         SW1       
| Right        SW2       
| Up           SW3       
| Down         SW4       
| TEENSY2      T1        
| 7805         U1        
#End Cmp

#End List
